[МОТЫЛЁК] 07:45:44 вузов к обходу: 807
[МОТЫЛЁК] 07:45:49 into-partnerships: пусто
[МОТЫЛЁК] 07:45:51 kaplan-anz: пусто
[МОТЫЛЁК] 07:46:01 navitas: пусто
[МОТЫЛЁК] 07:46:05 kaplan-business-school: пусто
[МОТЫЛЁК] 07:46:14 study-group: пусто
[МОТЫЛЁК] 07:46:46 oxford-international-college: пусто
[МОТЫЛЁК] 07:46:48 university-of-law: пусто
[МОТЫЛЁК] 07:46:54 the-university-of-law: пусто
[МОТЫЛЁК] 07:47:20 pace: кандидатов 5
[МОТЫЛЁК] 07:48:07 kaplan: пусто
[МОТЫЛЁК] 07:48:12 brighton: кандидатов 4
[МОТЫЛЁК] 07:48:17 adelphi: кандидатов 5
[МОТЫЛЁК] 07:48:18 malvern-international: пусто
[МОТЫЛЁК] 07:48:49 city-london: пусто
[МОТЫЛЁК] 07:48:53 cranfield: кандидатов 5
[МОТЫЛЁК] 07:48:56 lipscomb: пусто
[МОТЫЛЁК] 07:49:04 oxford-international: пусто
[МОТЫЛЁК] 07:49:32 liverpool: кандидатов 5
[МОТЫЛЁК] 07:49:51 westminster: кандидатов 5
[МОТЫЛЁК] 07:50:07 alberta: пусто
[МОТЫЛЁК] 07:50:40 massey: ОШИБКА This operation was aborted
[МОТЫЛЁК] 07:50:45 cambridge-education-group: пусто
[МОТЫЛЁК] 07:50:54 cesi: пусто
[МОТЫЛЁК] 07:51:21 arizona-state: кандидатов 5
[МОТЫЛЁК] 07:51:33 lisaa: пусто
[МОТЫЛЁК] 07:51:52 conestoga-college: кандидатов 1
[МОТЫЛЁК] 07:52:07 uconn: пусто
[МОТЫЛЁК] 07:52:32 nottingham-trent: кандидатов 5
[МОТЫЛЁК] 07:53:15 queen-mary-london: кандидатов 5
[МОТЫЛЁК] 07:53:19 lancashire: кандидатов 5
[МОТЫЛЁК] 07:54:05 washington-state: кандидатов 5
[МОТЫЛЁК] 07:54:14 courtauld: пусто
[МОТЫЛЁК] 07:54:21 york: кандидатов 5
[МОТЫЛЁК] 07:54:32 nottingham: кандидатов 5
[МОТЫЛЁК] 07:54:43 newcastle-au: пусто
[МОТЫЛЁК] 07:54:54 cal-lutheran: кандидатов 5
[МОТЫЛЁК] 07:55:20 essex: кандидатов 5
[МОТЫЛЁК] 07:55:33 glasgow: пусто
[МОТЫЛЁК] 07:55:56 goldsmiths: пусто
[МОТЫЛЁК] 07:56:03 uwe-bristol: пусто
[МОТЫЛЁК] 07:56:07 oregon: кандидатов 5
[МОТЫЛЁК] 07:56:19 acap: пусто
[МОТЫЛЁК] 07:56:22 sydney: пусто
[МОТЫЛЁК] 07:56:24 birmingham: пусто
[МОТЫЛЁК] 07:56:36 bsbi: пусто
[МОТЫЛЁК] 07:57:04 royal-holloway: кандидатов 5
[МОТЫЛЁК] 07:57:06 south-wales: кандидатов 5
[МОТЫЛЁК] 07:57:44 charles-sturt: кандидатов 5
[МОТЫЛЁК] 07:58:36 griffith: кандидатов 5
[МОТЫЛЁК] 07:59:33 deakin: кандидатов 5
[МОТЫЛЁК] 07:59:43 curtin: кандидатов 5
[МОТЫЛЁК] 07:59:53 chester: кандидатов 5
[МОТЫЛЁК] 07:59:58 sae: пусто
[МОТЫЛЁК] 08:00:17 hult: кандидатов 4
[МОТЫЛЁК] 08:00:41 western-ontario: пусто
[МОТЫЛЁК] 08:00:56 la-trobe: кандидатов 5
[МОТЫЛЁК] 08:01:40 victoria-wellington: кандидатов 5
[МОТЫЛЁК] 08:01:51 wilfrid-laurier: пусто
[МОТЫЛЁК] 08:01:52 western-sydney: кандидатов 5
[МОТЫЛЁК] 08:02:36 bournemouth: кандидатов 5
[МОТЫЛЁК] 08:03:06 northumbria: кандидатов 5
[МОТЫЛЁК] 08:04:00 cardiff: пусто
[МОТЫЛЁК] 08:04:27 bristol: кандидатов 5
[МОТЫЛЁК] 08:04:37 cleveland-state: кандидатов 5
[МОТЫЛЁК] 08:04:45 canterbury-christ-church: кандидатов 4
[МОТЫЛЁК] 08:05:55 dayton: кандидатов 5
[МОТЫЛЁК] 08:06:00 canberra: кандидатов 5
[МОТЫЛЁК] 08:06:01 drew: кандидатов 5
[МОТЫЛЁК] 08:06:22 derby: кандидатов 5
[МОТЫЛЁК] 08:06:25 kent-state-university: пусто
[МОТЫЛЁК] 08:06:53 coventry: кандидатов 5
[МОТЫЛЁК] 08:07:01 ism-germany: пусто
[МОТЫЛЁК] 08:07:07 edith-cowan: кандидатов 2
[МОТЫЛЁК] 08:07:11 nicosia-medical: пусто
[МОТЫЛЁК] 08:07:31 lethbridge: пусто
[МОТЫЛЁК] 08:07:36 manitoba: пусто
[МОТЫЛЁК] 08:07:43 simmons: пусто
[МОТЫЛЁК] 08:07:50 ue-germany: пусто
[МОТЫЛЁК] 08:08:10 abbey-cambridge: пусто
[МОТЫЛЁК] 08:08:33 stafford-house: пусто
[МОТЫЛЁК] 08:08:43 apu-malaysia: пусто
[МОТЫЛЁК] 08:08:48 murdoch: кандидатов 5
[МОТЫЛЁК] 08:08:57 arden: пусто
[МОТЫЛЁК] 08:09:20 simon-fraser: кандидатов 5
[МОТЫЛЁК] 08:09:57 ashland: пусто
[МОТЫЛЁК] 08:10:32 depaul: пусто
[МОТЫЛЁК] 08:11:03 oxford: ОШИБКА This operation was aborted
[МОТЫЛЁК] 08:11:09 edith-cowan-sl: пусто
[МОТЫЛЁК] 08:11:29 adelaide: кандидатов 5
[МОТЫЛЁК] 08:11:40 iu-germany: пусто
[МОТЫЛЁК] 08:11:57 canterbury-nz: кандидатов 5
[МОТЫЛЁК] 08:12:01 arizona: кандидатов 5
[МОТЫЛЁК] 08:12:07 liu-post: пусто
[МОТЫЛЁК] 08:12:20 middlesex-dubai: пусто
[МОТЫЛЁК] 08:13:04 koc-turkey: пусто
[МОТЫЛЁК] 08:13:11 qa-higher-education: пусто
[МОТЫЛЁК] 08:13:16 palm-beach-atlantic: кандидатов 2
[МОТЫЛЁК] 08:13:26 toronto-film-school: пусто
[МОТЫЛЁК] 08:13:43 new-haven: пусто
[МОТЫЛЁК] 08:14:15 kansas: кандидатов 5
[МОТЫЛЁК] 08:14:28 toronto-met: пусто
[МОТЫЛЁК] 08:14:30 ucl: пусто
[МОТЫЛЁК] 08:14:45 3a-france: пусто
[МОТЫЛЁК] 08:15:21 uca: пусто
[МОТЫЛЁК] 08:15:26 exeter: кандидатов 5
[МОТЫЛЁК] 08:15:34 asu-london: пусто
[МОТЫЛЁК] 08:15:55 trent: кандидатов 5
[МОТЫЛЁК] 08:16:02 australia-institute-of-business-and-technology: пусто
[МОТЫЛЁК] 08:16:17 acadia: кандидатов 5
[МОТЫЛЁК] 08:16:29 american-university: пусто
[МОТЫЛЁК] 08:16:32 bosworth-independent-school: пусто
[МОТЫЛЁК] 08:16:41 canberra-sydney: пусто
[МОТЫЛЁК] 08:16:47 wyoming: кандидатов 5
[МОТЫЛЁК] 08:16:48 cats-academy-boston: пусто
[МОТЫЛЁК] 08:16:50 avila: пусто
[МОТЫЛЁК] 08:16:52 bow-valley: пусто
[МОТЫЛЁК] 08:16:53 cats-cambridge: пусто
[МОТЫЛЁК] 08:16:59 fiu-business: пусто
[МОТЫЛЁК] 08:17:07 fox-temple: пусто
[МОТЫЛЁК] 08:18:08 clark: пусто
[МОТЫЛЁК] 08:18:53 fisher-college: кандидатов 3
[МОТЫЛЁК] 08:18:54 auburn: кандидатов 5
[МОТЫЛЁК] 08:19:03 fresenius-university-of-applied-sciences: кандидатов 4
[МОТЫЛЁК] 08:19:08 gisma: пусто
[МОТЫЛЁК] 08:19:10 guildhouse-school-london: пусто
[МОТЫЛЁК] 08:19:21 florida-international: кандидатов 5
[МОТЫЛЁК] 08:19:26 hague: пусто
[МОТЫЛЁК] 08:19:39 ipag: пусто
[МОТЫЛЁК] 08:19:49 kedge-paris: пусто
[МОТЫЛЁК] 08:19:51 gannon: кандидатов 2
[МОТЫЛЁК] 08:20:13 liu-brooklyn: пусто
[МОТЫЛЁК] 08:20:20 lasalle-college: пусто
[МОТЫЛЁК] 08:20:23 george-mason: кандидатов 5
[МОТЫЛЁК] 08:20:26 hartford: кандидатов 5
[МОТЫЛЁК] 08:20:33 new-zealand-management-academies-nzma: пусто
[МОТЫЛЁК] 08:20:39 johns-hopkins: пусто
[МОТЫЛЁК] 08:21:32 liu: кандидатов 1
[МОТЫЛЁК] 08:21:34 nottingham-ningbo: пусто
[МОТЫЛЁК] 08:21:36 nicosia: пусто
[МОТЫЛЁК] 08:21:37 macewan: пусто
[МОТЫЛЁК] 08:21:45 srh-germany: пусто
[МОТЫЛЁК] 08:21:47 ontario-tech: пусто
[МОТЫЛЁК] 08:21:52 seneca: пусто
[МОТЫЛЁК] 08:22:06 metropolitan-budapest: кандидатов 2
[МОТЫЛЁК] 08:22:17 st-marys-ca: пусто
[МОТЫЛЁК] 08:23:27 oxford-brookes: кандидатов 1
[МОТЫЛЁК] 08:23:58 teesside: кандидатов 5
[МОТЫЛЁК] 08:24:18 tasmania: кандидатов 5
[МОТЫЛЁК] 08:24:47 victoria: пусто
[МОТЫЛЁК] 08:24:57 sussex: кандидатов 5
[МОТЫЛЁК] 08:25:40 trinity-western: кандидатов 5
[МОТЫЛЁК] 08:26:15 western-new-england: кандидатов 2
[МОТЫЛЁК] 08:26:17 ucc: кандидатов 5
[МОТЫЛЁК] 08:26:33 worthgate-school: пусто
[МОТЫЛЁК] 08:26:59 western-washington: кандидатов 5
[МОТЫЛЁК] 08:27:54 aberdeen: пусто
[МОТЫЛЁК] 08:28:07 american-kogod: пусто
[МОТЫЛЁК] 08:28:16 abu-dhabi-university: кандидатов 4
[МОТЫЛЁК] 08:28:17 waikato: кандидатов 5
[МОТЫЛЁК] 08:28:21 staffordshire: кандидатов 1
[МОТЫЛЁК] 08:28:27 california-state-university-east-bay: пусто
[МОТЫЛЁК] 08:28:30 alexander-college: кандидатов 5
[МОТЫЛЁК] 08:29:00 bath-academy: пусто
[МОТЫЛЁК] 08:29:06 concordia-chicago: пусто
[МОТЫЛЁК] 08:29:07 de-montfort-dubai: пусто
[МОТЫЛЁК] 08:29:15 eaim: пусто
[МОТЫЛЁК] 08:29:20 capilano: пусто
[МОТЫЛЁК] 08:29:23 esam: пусто
[МОТЫЛЁК] 08:29:39 gbsb-global: пусто
[МОТЫЛЁК] 08:29:47 georgian-college-of-applied-arts-and-technology: пусто
[МОТЫЛЁК] 08:29:56 herzing-college: пусто
[МОТЫЛЁК] 08:30:03 ibs-budapest: пусто
[МОТЫЛЁК] 08:30:35 birkbeck: кандидатов 5
[МОТЫЛЁК] 08:30:54 galway: кандидатов 5
[МОТЫЛЁК] 08:30:55 inseec-business-school: пусто
[МОТЫЛЁК] 08:31:05 into-oklahoma: пусто
[МОТЫЛЁК] 08:32:03 kcl-online: кандидатов 2
[МОТЫЛЁК] 08:32:18 leeds-isc: пусто
[МОТЫЛЁК] 08:32:42 illinois-state: кандидатов 5
[МОТЫЛЁК] 08:32:43 leeds-beckett: кандидатов 5
[МОТЫЛЁК] 08:32:45 les-roches-marbella: пусто
[МОТЫЛЁК] 08:32:50 lsc-malta: пусто
[МОТЫЛЁК] 08:32:52 media-design-germany: пусто
[МОТЫЛЁК] 08:32:59 amsterdam: кандидатов 5
[МОТЫЛЁК] 08:33:42 durham: кандидатов 5
[МОТЫЛЁК] 08:34:07 miami-oh: кандидатов 1
[МОТЫЛЁК] 08:34:09 mount-saint-vincent: пусто
[МОТЫЛЁК] 08:34:11 nebrija: пусто
[МОТЫЛЁК] 08:34:13 northern-college-ca: пусто
[МОТЫЛЁК] 08:34:28 sask-polytechnic: пусто
[МОТЫЛЁК] 08:35:05 mount-allison: пусто
[МОТЫЛЁК] 08:35:16 london-south-bank: кандидатов 5
[МОТЫЛЁК] 08:35:23 sruc: пусто
[МОТЫЛЁК] 08:35:36 rvc: пусто
[МОТЫЛЁК] 08:35:51 roehampton: кандидатов 5
[МОТЫЛЁК] 08:36:43 sheffield-hallam: кандидатов 5
[МОТЫЛЁК] 08:36:46 surrey: кандидатов 5
[МОТЫЛЁК] 08:36:55 solent: кандидатов 5
[МОТЫЛЁК] 08:37:23 thompson-rivers: пусто
[МОТЫЛЁК] 08:37:30 tulane: кандидатов 1
[МОТЫЛЁК] 08:37:47 stirling: кандидатов 5
[МОТЫЛЁК] 08:38:15 twente: кандидатов 5
[МОТЫЛЁК] 08:38:22 webster-vienna: пусто
[МОТЫЛЁК] 08:38:40 uic: кандидатов 5
[МОТЫЛЁК] 08:38:47 unbc: пусто
[МОТЫЛЁК] 08:38:56 wollongong-malaysia: пусто
[МОТЫЛЁК] 08:39:04 asc-perth: пусто
[МОТЫЛЁК] 08:39:40 windsor: пусто
[МОТЫЛЁК] 08:39:47 basis-mclean: пусто
[МОТЫЛЁК] 08:40:00 tamucc: кандидатов 4
[МОТЫЛЁК] 08:40:28 canadian-university-dubai: пусто
[МОТЫЛЁК] 08:40:31 winnipeg: кандидатов 4
[МОТЫЛЁК] 08:40:38 csvpa-cambridge: пусто
[МОТЫЛЁК] 08:40:44 university-of-southampton: кандидатов 5
[МОТЫЛЁК] 08:41:27 aston: кандидатов 5
[МОТЫЛЁК] 08:41:35 claremont-grad: пусто
[МОТЫЛЁК] 08:41:45 bath: кандидатов 5
[МОТЫЛЁК] 08:41:46 dalhousie: пусто
[МОТЫЛЁК] 08:41:47 dli-bandung: пусто
[МОТЫЛЁК] 08:41:50 curtin-singapore: кандидатов 3
[МОТЫЛЁК] 08:41:56 es-dubai: пусто
[МОТЫЛЁК] 08:42:04 fachhochschule-des-mittelstands-fhm-university: пусто
[МОТЫЛЁК] 08:42:07 domus-academy: пусто
[МОТЫЛЁК] 08:42:22 cumbria: кандидатов 1
[МОТЫЛЁК] 08:42:22 fraser-international-college: пусто
[МОТЫЛЁК] 08:42:47 drexel: пусто
[МОТЫЛЁК] 08:43:08 fanshawe-college: пусто
[МОТЫЛЁК] 08:43:15 into-stony-brook: пусто
[МОТЫЛЁК] 08:44:16 edinburgh-napier: кандидатов 5
[МОТЫЛЁК] 08:44:33 lancaster-leipzig: пусто
[МОТЫЛЁК] 08:44:44 james-madison: кандидатов 5
[МОТЫЛЁК] 08:45:07 hull: кандидатов 5
[МОТЫЛЁК] 08:45:12 griffith-ireland: кандидатов 3
[МОТЫЛЁК] 08:45:14 les-roches-crans-montana: пусто
[МОТЫЛЁК] 08:45:22 marangoni-milan: пусто
[МОТЫЛЁК] 08:45:26 lim-college: пусто
[МОТЫЛЁК] 08:45:50 heriot-watt: кандидатов 5
[МОТЫЛЁК] 08:46:06 murdoch-dubai: пусто
[МОТЫЛЁК] 08:46:45 monash-university: кандидатов 5
[МОТЫЛЁК] 08:47:23 mercer: кандидатов 5
[МОТЫЛЁК] 08:47:24 lancaster-univ: кандидатов 5
[МОТЫЛЁК] 08:47:33 murray-state-university: кандидатов 5
[МОТЫЛЁК] 08:47:40 repton-dubai: пусто
[МОТЫЛЁК] 08:47:41 nscad: пусто
[МОТЫЛЁК] 08:47:42 queens-college-cuny: пусто
[МОТЫЛЁК] 08:47:47 rit-dubai: пусто
[МОТЫЛЁК] 08:48:19 lancaster: кандидатов 5
[МОТЫЛЁК] 08:48:21 st-lawrence-college: пусто
[МОТЫЛЁК] 08:48:58 newcastle-uk: кандидатов 5
[МОТЫЛЁК] 08:49:08 sheridan: пусто
[МОТЫЛЁК] 08:49:21 toi-ohomai-institute-of-technology: пусто
[МОТЫЛЁК] 08:49:27 trebas: пусто
[МОТЫЛЁК] 08:49:35 victoria-gold-coast: пусто
[МОТЫЛЁК] 08:49:45 wittenborg: пусто
[МОТЫЛЁК] 08:49:50 soas: кандидатов 5
[МОТЫЛЁК] 08:50:03 wollongong-dubai: пусто
[МОТЫЛЁК] 08:50:19 ucb: кандидатов 5
[МОТЫЛЁК] 08:50:22 sunderland: кандидатов 5
[МОТЫЛЁК] 08:50:23 yorkville: пусто
[МОТЫЛЁК] 08:50:29 aivancity: пусто
[МОТЫЛЁК] 08:50:30 american-collegiate-la: пусто
[МОТЫЛЁК] 08:50:41 atelier-de-sevres: пусто
[МОТЫЛЁК] 08:50:43 university-canada-west: кандидатов 1
[МОТЫЛЁК] 08:50:46 yamanashi-gakuin: пусто
[МОТЫЛЁК] 08:50:50 bhms: пусто
[МОТЫЛЁК] 08:50:54 birmingham-dubai: пусто
[МОТЫЛЁК] 08:50:57 aud: пусто
[МОТЫЛЁК] 08:50:58 bologna-business-school: пусто
[МОТЫЛЁК] 08:51:07 bournemouth-collegiate-school: пусто
[МОТЫЛЁК] 08:51:14 college-de-paris: пусто
[МОТЫЛЁК] 08:51:19 bpp-university: пусто
[МОТЫЛЁК] 08:51:26 em-normandie-dubai: пусто
[МОТЫЛЁК] 08:51:37 constructor: пусто
[МОТЫЛЁК] 08:51:39 apac: пусто
[МОТЫЛЁК] 08:51:48 englishpath: пусто
[МОТЫЛЁК] 08:51:57 fad-institute-dubai: пусто
[МОТЫЛЁК] 08:51:59 eynesbury: пусто
[МОТЫЛЁК] 08:52:09 gbs-dubai: пусто
[МОТЫЛЁК] 08:52:18 fairmont-prep: пусто
[МОТЫЛЁК] 08:52:19 heip-hautes-etudes-internationales-and-politiques: пусто
[МОТЫЛЁК] 08:52:24 aberystwyth: кандидатов 5
[МОТЫЛЁК] 08:52:29 institut-culinaire-france: пусто
[МОТЫЛЁК] 08:52:30 into-stirling-uni: пусто
[МОТЫЛЁК] 08:52:44 keck-grad: пусто
[МОТЫЛЁК] 08:52:46 kings-bournemouth: пусто
[МОТЫЛЁК] 08:52:47 ema: пусто
[МОТЫЛЁК] 08:52:53 kings-london: пусто
[МОТЫЛЁК] 08:52:59 kings-brighton: пусто
[МОТЫЛЁК] 08:53:02 kings-oxford: пусто
[МОТЫЛЁК] 08:53:32 hofstra: пусто
[МОТЫЛЁК] 08:54:13 cal-state-fullerton: кандидатов 5
[МОТЫЛЁК] 08:54:52 leicester: кандидатов 5
[МОТЫЛЁК] 08:55:15 liverpool-hope: кандидатов 5
[МОТЫЛЁК] 08:55:45 lsu: кандидатов 2
[МОТЫЛЁК] 08:55:48 lynn: кандидатов 1
[МОТЫЛЁК] 08:55:55 london-met: кандидатов 5
[МОТЫЛЁК] 08:55:55 ncuk-isc: пусто
[МОТЫЛЁК] 08:56:01 mater-dei: пусто
[МОТЫЛЁК] 08:56:17 polimi-gsom: пусто
[МОТЫЛЁК] 08:56:32 queen-ethelburgas: пусто
[МОТЫЛЁК] 08:56:37 kingston-university: кандидатов 3
[МОТЫЛЁК] 08:56:55 reading-malaysia: пусто
[МОТЫЛЁК] 08:57:04 pacific: кандидатов 2
[МОТЫЛЁК] 08:57:05 regent-college-london: пусто
[МОТЫЛЁК] 08:57:08 ravensbourne: кандидатов 1
[МОТЫЛЁК] 08:57:11 sae-dubai: пусто
[МОТЫЛЁК] 08:57:17 nyit: кандидатов 4
[МОТЫЛЁК] 08:57:18 srh-hochschule-berlin: пусто
[МОТЫЛЁК] 08:57:25 stirling-rak: пусто
[МОТЫЛЁК] 08:57:26 san-mateo: пусто
[МОТЫЛЁК] 08:57:29 marist: кандидатов 5
[МОТЫЛЁК] 08:57:34 the-university-of-new-south-wales: пусто
[МОТЫЛЁК] 08:58:53 st-francis-xavier: кандидатов 5
[МОТЫЛЁК] 08:58:56 uab: пусто
[МОТЫЛЁК] 08:59:01 ubi-brussels: пусто
[МОТЫЛЁК] 08:59:05 towson: кандидатов 5
[МОТЫЛЁК] 08:59:12 ue-amsterdam: пусто
[МОТЫЛЁК] 08:59:16 ue-university-of-europe-for-applied-sciences: пусто
[МОТЫЛЁК] 08:59:41 sf-state: кандидатов 5
[МОТЫЛЁК] 09:00:51 strathclyde: кандидатов 5
[МОТЫЛЁК] 09:00:52 ucf: кандидатов 5
[МОТЫЛЁК] 09:01:33 upei: кандидатов 5
[МОТЫЛЁК] 09:01:47 xenion: пусто
[МОТЫЛЁК] 09:01:55 abat-oliba-barcelona: пусто
[МОТЫЛЁК] 09:02:00 university-of-the-west-of-scotland: кандидатов 5
[МОТЫЛЁК] 09:02:06 village-school: пусто
[МОТЫЛЁК] 09:02:09 adler: пусто
[МОТЫЛЁК] 09:02:17 canadian-tourism-college: пусто
[МОТЫЛЁК] 09:02:38 bcit: пусто
[МОТЫЛЁК] 09:02:39 cardenal-herrera-valencia: пусто
[МОТЫЛЁК] 09:02:47 carolina-university: пусто
[МОТЫЛЁК] 09:02:48 cctb: пусто
[МОТЫЛЁК] 09:02:54 ceg-digital: пусто
[МОТЫЛЁК] 09:03:02 csvpa-china: пусто
[МОТЫЛЁК] 09:03:14 vaasa: кандидатов 5
[МОТЫЛЁК] 09:03:16 curtin-college: пусто
[МОТЫЛЁК] 09:03:25 ecole-management-appliquee: пусто
[МОТЫЛЁК] 09:03:31 brock: кандидатов 5
[МОТЫЛЁК] 09:03:38 eu-business-school-switzerland: пусто
[МОТЫЛЁК] 09:04:02 euroinnova: пусто
[МОТЫЛЁК] 09:04:35 esic: пусто
[МОТЫЛЁК] 09:04:42 forest-city-international-school: пусто
[МОТЫЛЁК] 09:04:52 gbs-malta: пусто
[МОТЫЛЁК] 09:05:00 icae: пусто
[МОТЫЛЁК] 09:05:07 uea: кандидатов 5
[МОТЫЛЁК] 09:05:09 federation-university: пусто
[МОТЫЛЁК] 09:05:11 into-lancaster: пусто
[МОТЫЛЁК] 09:05:14 into-newcastle: пусто
[МОТЫЛЁК] 09:05:18 into-uea: пусто
[МОТЫЛЁК] 09:05:23 into-queens-belfast: пусто
[МОТЫЛЁК] 09:05:39 jibc: пусто
[МОТЫЛЁК] 09:05:49 dallas-baptist-university: кандидатов 5
[МОТЫЛЁК] 09:05:53 columbia-college: кандидатов 3
[МОТЫЛЁК] 09:06:53 nmit-nz: кандидатов 1
[МОТЫЛЁК] 09:07:03 pihms: пусто
[МОТЫЛЁК] 09:07:11 memorial-nl: пусто
[МОТЫЛЁК] 09:07:18 limerick: кандидатов 5
[МОТЫЛЁК] 09:07:26 san-pablo-ceu-madrid: пусто
[МОТЫЛЁК] 09:07:38 sobey-smu: пусто
[МОТЫЛЁК] 09:07:44 missouri-state-university: кандидатов 5
[МОТЫЛЁК] 09:07:51 sprott-carleton: пусто
[МОТЫЛЁК] 09:07:59 st-georges-grenada: пусто
[МОТЫЛЁК] 09:08:06 montclair-state: кандидатов 5
[МОТЫЛЁК] 09:08:11 st-michaels-school: пусто
[МОТЫЛЁК] 09:08:21 the-university-of-melbourne: пусто
[МОТЫЛЁК] 09:08:37 suffolk: пусто
[МОТЫЛЁК] 09:08:43 trine-university: пусто
[МОТЫЛЁК] 09:08:57 saint-marys: кандидатов 5
[МОТЫЛЁК] 09:08:58 ucam-murcia: пусто
[МОТЫЛЁК] 09:09:03 schiller-international-university: кандидатов 3
[МОТЫЛЁК] 09:09:07 tus-shannon: пусто
[МОТЫЛЁК] 09:09:15 warsaw-business: пусто
[МОТЫЛЁК] 09:09:22 wilfrid-laurier-international-college: пусто
[МОТЫЛЁК] 09:09:24 south-carolina: кандидатов 5
[МОТЫЛЁК] 09:09:30 abbey-dld-london: пусто
[МОТЫЛЁК] 09:09:38 amsterdam-tech: пусто
[МОТЫЛЁК] 09:09:40 algoma-university: пусто
[МОТЫЛЁК] 09:10:25 bilgi-university: пусто
[МОТЫЛЁК] 09:10:39 bishopstrow: пусто
[МОТЫЛЁК] 09:11:14 university-of-bedfordshire: кандидатов 5
[МОТЫЛЁК] 09:12:05 university-of-wolverhampton: кандидатов 5
[МОТЫЛЁК] 09:12:17 aut: кандидатов 5
[МОТЫЛЁК] 09:12:23 university-of-lancashire: кандидатов 5
[МОТЫЛЁК] 09:12:30 cats-college-china: пусто
[МОТЫЛЁК] 09:12:36 cardiff-sixth-form: пусто
[МОТЫЛЁК] 09:12:41 california-state-university-san-marcos: кандидатов 5
[МОТЫЛЁК] 09:12:44 circle-international: пусто
[МОТЫЛЁК] 09:12:54 david-game: пусто
[МОТЫЛЁК] 09:13:10 difc-dublin: пусто
[МОТЫЛЁК] 09:13:27 doverbroecks: пусто
[МОТЫЛЁК] 09:13:36 buckinghamshire-new-university: кандидатов 5
[МОТЫЛЁК] 09:13:41 enae: пусто
[МОТЫЛЁК] 09:13:52 gilbert-school: пусто
[МОТЫЛЁК] 09:13:55 cardiff-met: кандидатов 3
[МОТЫЛЁК] 09:14:21 heriot-watt-malaysia: пусто
[МОТЫЛЁК] 09:14:34 corvinus-university-of-budapest: кандидатов 5
[МОТЫЛЁК] 09:14:36 centennial-college: кандидатов 5
[МОТЫЛЁК] 09:14:40 ibu-canada: пусто
[МОТЫЛЁК] 09:14:41 icd-paris: пусто
[МОТЫЛЁК] 09:14:43 ifg: пусто
[МОТЫЛЁК] 09:14:47 imis-paris: пусто
[МОТЫЛЁК] 09:14:48 into-city-london: пусто
[МОТЫЛЁК] 09:14:50 into-london: пусто
[МОТЫЛЁК] 09:14:55 into-manchester: пусто
[МОТЫЛЁК] 09:14:56 into-newton-a-levels: пусто
[МОТЫЛЁК] 09:14:57 into-stirling: пусто
[МОТЫЛЁК] 09:15:02 iqs-barcelona: пусто
[МОТЫЛЁК] 09:15:04 kaplan-international-college: пусто
[МОТЫЛЁК] 09:15:10 lci-barcelona: пусто
[МОТЫЛЁК] 09:15:12 ljmu-isc: пусто
[МОТЫЛЁК] 09:15:20 kedge-business-school: пусто
[МОТЫЛЁК] 09:15:24 eu-business-school: кандидатов 5
[МОТЫЛЁК] 09:15:25 manchester-architecture: пусто
[МОТЫЛЁК] 09:15:27 marangoni-london: пусто
[МОТЫЛЁК] 09:15:28 merrick-prep: пусто
[МОТЫЛЁК] 09:15:39 nci-ireland: пусто
[МОТЫЛЁК] 09:15:42 padworth: пусто
[МОТЫЛЁК] 09:15:44 porto-business-school: пусто
[МОТЫЛЁК] 09:15:54 reach-community-college: пусто
[МОТЫЛЁК] 09:16:06 psb-paris: пусто
[МОТЫЛЁК] 09:16:11 rcsi: пусто
[МОТЫЛЁК] 09:16:22 glion-switzerland: кандидатов 4
[МОТЫЛЁК] 09:16:25 rotman-arts-science: пусто
[МОТЫЛЁК] 09:16:36 south-east-technological-university: пусто
[МОТЫЛЁК] 09:17:08 st-bees: пусто
[МОТЫЛЁК] 09:17:23 southeast-missouri-state-university: кандидатов 1
[МОТЫЛЁК] 09:17:43 nova-southeastern-university: кандидатов 5
[МОТЫЛЁК] 09:18:16 strate-design: кандидатов 1
[МОТЫЛЁК] 09:18:30 ua92: пусто
[МОТЫЛЁК] 09:18:53 rmit-university: кандидатов 2
[МОТЫЛЁК] 09:19:03 trinity-dublin: пусто
[МОТЫЛЁК] 09:19:27 reading: кандидатов 5
[МОТЫЛЁК] 09:19:34 uis: кандидатов 3
[МОТЫЛЁК] 09:19:41 waring-school: пусто
[МОТЫЛЁК] 09:19:48 woodside-priory: пусто
[МОТЫЛЁК] 09:19:55 yoobee-college-of-creative-innovation: пусто
[МОТЫЛЁК] 09:20:03 american-university-of-greece: пусто
[МОТЫЛЁК] 09:20:20 uvic: пусто
[МОТЫЛЁК] 09:20:36 atilim: пусто
[МОТЫЛЁК] 09:20:41 state-university-of-new-york-at-oswego: кандидатов 4
[МОТЫЛЁК] 09:20:43 birmingham-international-collegiate: пусто
[МОТЫЛЁК] 09:20:50 university-of-east-london: кандидатов 5
[МОТЫЛЁК] 09:20:55 california-miramar-university: пусто
[МОТЫЛЁК] 09:20:58 champittet: пусто
[МОТЫЛЁК] 09:21:04 diablo-valley-college: пусто
[МОТЫЛЁК] 09:21:07 arts-university-bournemouth: пусто
[МОТЫЛЁК] 09:21:17 global-banking-school: пусто
[МОТЫЛЁК] 09:21:29 ibs-international-business-school: пусто
[МОТЫЛЁК] 09:21:43 ichm: пусто
[МОТЫЛЁК] 09:21:53 wrexham-university: кандидатов 5
[МОТЫЛЁК] 09:21:56 international-school-of-management-ism: пусто
[МОТЫЛЁК] 09:21:59 into-exeter: пусто
[МОТЫЛЁК] 09:22:04 into-slu: пусто
[МОТЫЛЁК] 09:22:11 learn-key-institute: пусто
[МОТЫЛЁК] 09:22:31 harrisburg-university-of-science-and-technology: пусто
[МОТЫЛЁК] 09:22:36 gonzaga: пусто
[МОТЫЛЁК] 09:22:44 mmu-international-college: пусто
[МОТЫЛЁК] 09:22:45 leeds-trinity-university: кандидатов 1
[МОТЫЛЁК] 09:22:52 multihexa: пусто
[МОТЫЛЁК] 09:22:58 mount-saint-vincent-ny: пусто
[МОТЫЛЁК] 09:23:14 niagara-falls: пусто
[МОТЫЛЁК] 09:23:28 oxford-sixth-form: пусто
[МОТЫЛЁК] 09:23:56 kennesaw-state-university: кандидатов 5
[МОТЫЛЁК] 09:24:08 queen-mary-malta: пусто
[МОТЫЛЁК] 09:24:27 liverpool-john-moores-university: кандидатов 5
[МОТЫЛЁК] 09:24:38 northeastern-university: кандидатов 5
[МОТЫЛЁК] 09:24:54 proed-uk: пусто
[МОТЫЛЁК] 09:25:04 sabanci: пусто
[МОТЫЛЁК] 09:25:07 saba-university-school-of-medicine: кандидатов 2
[МОТЫЛЁК] 09:25:43 southern-cross-university: кандидатов 1
[МОТЫЛЁК] 09:25:49 glasgow-caledonian-university: кандидатов 5
[МОТЫЛЁК] 09:25:54 san-raffaele: кандидатов 2
[МОТЫЛЁК] 09:25:58 st-andrews-cambridge: пусто
[МОТЫЛЁК] 09:26:04 stover-school: пусто
[МОТЫЛЁК] 09:26:12 the-university-of-akron: пусто
[МОТЫЛЁК] 09:26:19 toulouse-business-school: пусто
[МОТЫЛЁК] 09:26:30 ucam-catholic-university-of-murcia: пусто
[МОТЫЛЁК] 09:26:45 university-of-cincinnati: пусто
[МОТЫЛЁК] 09:27:06 sofia-university: кандидатов 5
[МОТЫЛЁК] 09:27:13 university-of-huddersfield-london: пусто
[МОТЫЛЁК] 09:27:29 suny-geneseo: кандидатов 5
[МОТЫЛЁК] 09:27:44 university-of-notre-dame: пусто
[МОТЫЛЁК] 09:28:01 texas-state-university: кандидатов 5
[МОТЫЛЁК] 09:28:19 university-of-colorado-denver: кандидатов 5
[МОТЫЛЁК] 09:28:29 southern-utah-university: кандидатов 4
[МОТЫЛЁК] 09:28:42 weber-state-university: пусто
[МОТЫЛЁК] 09:28:50 university-of-massachusetts-lowell: кандидатов 5
[МОТЫЛЁК] 09:28:52 american-institute-of-applied-sciences-in-switzerland: пусто
[МОТЫЛЁК] 09:28:57 amity-university-dubai: пусто
[МОТЫЛЁК] 09:29:00 aston-university-london: пусто
[МОТЫЛЁК] 09:29:01 webster-university: пусто
[МОТЫЛЁК] 09:29:09 university-of-southern-queensland: кандидатов 1
[МОТЫЛЁК] 09:29:11 atelier-chardon-savard: пусто
[МОТЫЛЁК] 09:29:15 auckland-institute-of-studies: пусто
[МОТЫЛЁК] 09:29:17 australian-institute-of-technical-training: пусто
[МОТЫЛЁК] 09:29:18 australian-vocational-training-academy: пусто
[МОТЫЛЁК] 09:29:25 budapest-university-of-economics-and-business: пусто
[МОТЫЛЁК] 09:29:28 utsa: кандидатов 5
[МОТЫЛЁК] 09:29:33 california-institute-of-advanced-management: пусто
[МОТЫЛЁК] 09:29:38 auburn-university-at-montgomery: пусто
[МОТЫЛЁК] 09:29:53 california-baptist-university: кандидатов 1
[МОТЫЛЁК] 09:29:55 cct-college-dublin: пусто
[МОТЫЛЁК] 09:30:13 colorado-state-university: пусто
[МОТЫЛЁК] 09:30:30 baylor-university: пусто
[МОТЫЛЁК] 09:30:35 california-state-university-dominguez-hills: пусто
[МОТЫЛЁК] 09:30:37 concordia-university-st-paul: пусто
[МОТЫЛЁК] 09:30:43 cy-tech-cergy-paris-university: пусто
[МОТЫЛЁК] 09:30:44 dea-canadian-college: пусто
[МОТЫЛЁК] 09:30:46 crandall-university: пусто
[МОТЫЛЁК] 09:30:51 demont-institute-of-management-and-technology: пусто
[МОТЫЛЁК] 09:30:56 cape-breton-university: кандидатов 5
[МОТЫЛЁК] 09:30:59 fisher-college-boston: пусто
[МОТЫЛЁК] 09:31:02 esc-clermont: пусто
[МОТЫЛЁК] 09:31:06 college-of-marin: кандидатов 5
[МОТЫЛЁК] 09:31:11 goldey-beacom-college: пусто
[МОТЫЛЁК] 09:31:12 htmi-international-hotel-and-tourism-institute-switzerland: пусто
[МОТЫЛЁК] 09:31:19 idea-college: пусто
[МОТЫЛЁК] 09:31:21 iesa-arts-and-culture: пусто
[МОТЫЛЁК] 09:31:26 health-sciences-university: пусто
[МОТЫЛЁК] 09:31:27 iesa: пусто
[МОТЫЛЁК] 09:31:29 institut-francais-de-lhotellerie: пусто
[МОТЫЛЁК] 09:31:33 international-college-of-hotel-management: пусто
[МОТЫЛЁК] 09:31:42 international-university-of-monaco: пусто
[МОТЫЛЁК] 09:31:43 irvine-valley-college: пусто
[МОТЫЛЁК] 09:31:45 hartwick-college: пусто
[МОТЫЛЁК] 09:31:51 kings-hall-college: пусто
[МОТЫЛЁК] 09:31:54 dublin-city-university: кандидатов 5
[МОТЫЛЁК] 09:32:00 language-studies-international: пусто
[МОТЫЛЁК] 09:32:58 james-cook: кандидатов 5
[МОТЫЛЁК] 09:32:58 junia: пусто
[МОТЫЛЁК] 09:33:08 melbourne-city-institute-of-education: пусто
[МОТЫЛЁК] 09:33:26 lincoln-nz: кандидатов 5
[МОТЫЛЁК] 09:33:32 loughborough-university: кандидатов 5
[МОТЫЛЁК] 09:33:43 munich-university-of-digital-technologies-and-applied-scienc: пусто
[МОТЫЛЁК] 09:33:44 munich-business-school: пусто
[МОТЫЛЁК] 09:34:13 north-seattle-college: пусто
[МОТЫЛЁК] 09:34:22 new-european-college: пусто
[МОТЫЛЁК] 09:34:23 nuova-accademia-di-belle-arti-naba: пусто
[МОТЫЛЁК] 09:34:53 piedmont-virginia-community-college: пусто
[МОТЫЛЁК] 09:34:56 mt-san-antonio-college: кандидатов 5
[МОТЫЛЁК] 09:35:08 lehigh-university: кандидатов 3
[МОТЫЛЁК] 09:35:11 regents-university-london: пусто
[МОТЫЛЁК] 09:36:50 sacred-heart-university: пусто
[МОТЫЛЁК] 09:36:57 saint-louis-university-madrid: пусто
[МОТЫЛЁК] 09:38:15 rochester-institute-of-technology: кандидатов 1
[МОТЫЛЁК] 09:39:32 salem-university: кандидатов 1
[МОТЫЛЁК] 09:41:09 queens-university-belfast: кандидатов 5
[МОТЫЛЁК] 09:41:18 oregon-state: кандидатов 5
[МОТЫЛЁК] 09:41:26 middlesex-university: кандидатов 5
[МОТЫЛЁК] 09:41:36 southern-alberta-institute-of-technology: пусто
[МОТЫЛЁК] 09:41:39 south-seattle-college: пусто
[МОТЫЛЁК] 09:41:42 srh-haarlem-university-of-applied-sciences: пусто
[МОТЫЛЁК] 09:41:45 srh-international-college: пусто
[МОТЫЛЁК] 09:42:32 sheridan-college-institute-of-technology-and-advanced-learning: пусто
[МОТЫЛЁК] 09:42:32 st-georges-university: пусто
[МОТЫЛЁК] 09:42:47 saint-louis-university: кандидатов 5
[МОТЫЛЁК] 09:43:18 sup-de-pub: пусто
[МОТЫЛЁК] 09:43:33 southwest-minnesota-state-university: кандидатов 3
[МОТЫЛЁК] 09:43:35 swiss-hotel-management-school: пусто
[МОТЫЛЁК] 09:43:51 sydney-institute-of-business-and-technology: пусто
[МОТЫЛЁК] 09:43:54 suffolk-university: пусто
[МОТЫЛЁК] 09:44:10 st-thomas-university: кандидатов 5
[МОТЫЛЁК] 09:44:11 the-university-college-of-enterprise-and-administration: пусто
[МОТЫЛЁК] 09:45:05 syracuse-university: пусто
[МОТЫЛЁК] 09:46:19 the-university-of-scranton: кандидатов 5
[МОТЫЛЁК] 09:46:28 swinburne-university-of-technology: пусто
[МОТЫЛЁК] 09:47:28 temple: кандидатов 5
[МОТЫЛЁК] 09:47:36 thomas-jefferson-university: кандидатов 5
[МОТЫЛЁК] 09:47:52 university-of-central-lancashire-cyprus: пусто
[МОТЫЛЁК] 09:48:20 troy-university: кандидатов 5
[МОТЫЛЁК] 09:48:31 university-of-hull-london: пусто
[МОТЫЛЁК] 09:49:07 the-university-of-arizona: кандидатов 5
[МОТЫЛЁК] 09:49:16 university-at-albany: кандидатов 5
[МОТЫЛЁК] 09:49:25 university-of-bridgeport: кандидатов 3
[МОТЫЛЁК] 09:49:30 university-of-leeds: пусто
[МОТЫЛЁК] 09:49:44 university-of-nevada-las-vegas: пусто
[МОТЫЛЁК] 09:49:52 university-of-niagara-falls: пусто
[МОТЫЛЁК] 09:50:09 university-of-la-verne: кандидатов 5
[МОТЫЛЁК] 09:50:17 university-of-north-carolina-at-wilmington: пусто
[МОТЫЛЁК] 09:50:36 university-of-louisville: пусто
[МОТЫЛЁК] 09:50:43 university-of-nottingham-malaysia: пусто
[МОТЫЛЁК] 09:51:45 university-of-north-carolina-at-greensboro: кандидатов 5
[МОТЫЛЁК] 09:52:00 university-of-massachusetts-amherst: кандидатов 5
[МОТЫЛЁК] 09:52:04 university-of-north-florida: кандидатов 5
[МОТЫЛЁК] 09:52:07 university-of-stirling-ras-al-khaimah: пусто
[МОТЫЛЁК] 09:52:26 university-of-redlands: кандидатов 5
[МОТЫЛЁК] 09:52:34 vibe-education: пусто
[МОТЫЛЁК] 09:52:42 vizja-university: пусто
[МОТЫЛЁК] 09:53:06 washington-university-school-of-law: пусто
[МОТЫЛЁК] 09:53:09 university-of-sheffield: пусто
[МОТЫЛЁК] 09:53:25 western-atlantic-university-school-of-medicine: пусто
[МОТЫЛЁК] 09:53:38 university-of-greater-manchester: кандидатов 5
[МОТЫЛЁК] 09:53:44 xavier-university: пусто
[МОТЫЛЁК] 09:53:57 university-of-tulsa: кандидатов 5
[МОТЫЛЁК] 09:54:01 university-of-winchester: кандидатов 2
[МОТЫЛЁК] 09:54:15 abbey-manchester: пусто
[МОТЫЛЁК] 09:54:31 ac-badem-university: пусто
[МОТЫЛЁК] 09:54:39 academic-coaching: пусто
[МОТЫЛЁК] 09:54:45 william-paterson-university: кандидатов 5
[МОТЫЛЁК] 09:55:28 aarhus-university: кандидатов 5
[МОТЫЛЁК] 09:55:46 aalto-university: кандидатов 5
[МОТЫЛЁК] 09:56:00 abertay: кандидатов 3
[МОТЫЛЁК] 09:56:02 beijing-novo: пусто
[МОТЫЛЁК] 09:56:05 anglo-american-university: пусто
[МОТЫЛЁК] 09:56:21 bishop-montgomery: пусто
[МОТЫЛЁК] 09:56:37 brunel: пусто
[МОТЫЛЁК] 09:56:55 burgundy-school-of-business: пусто
[МОТЫЛЁК] 09:57:03 c3s-business-school: пусто
[МОТЫЛЁК] 09:57:10 carmel-catholic: пусто
[МОТЫЛЁК] 09:57:25 cesar-ritz-colleges: пусто
[МОТЫЛЁК] 09:57:43 bradford: кандидатов 5
[МОТЫЛЁК] 09:57:55 birmingham-city: кандидатов 2
[МОТЫЛЁК] 09:58:03 anglia-ruskin: кандидатов 5
[МОТЫЛЁК] 09:58:25 curtin-university-dubai: пусто
[МОТЫЛЁК] 09:58:29 cretin-derham-hall: кандидатов 1
[МОТЫЛЁК] 09:58:35 dave-school: пусто
[МОТЫЛЁК] 09:58:38 dcu-successfull-career-services: пусто
[МОТЫЛЁК] 09:59:29 cours-florent: кандидатов 1
[МОТЫЛЁК] 10:00:11 charles-university: кандидатов 5
[МОТЫЛЁК] 10:00:24 de-montfort: кандидатов 5
[МОТЫЛЁК] 10:00:31 debrecen: кандидатов 2
[МОТЫЛЁК] 10:00:33 erc-institute-direct-entry: пусто
[МОТЫЛЁК] 10:00:38 eu-business-school-germany: пусто
[МОТЫЛЁК] 10:01:39 east-tennessee-state-university: кандидатов 5
[МОТЫЛЁК] 10:01:46 harbin-novo: пусто
[МОТЫЛЁК] 10:01:50 bangor: кандидатов 1
[МОТЫЛЁК] 10:02:26 florida-atlantic-university-direct-entry: кандидатов 5
[МОТЫЛЁК] 10:02:38 greenwich: кандидатов 5
[МОТЫЛЁК] 10:02:45 icn-creactive-business-school: пусто
[МОТЫЛЁК] 10:02:47 heriot-watt-dubai: пусто
[МОТЫЛЁК] 10:02:52 iqs-institut-quimic-de-sarria: пусто
[МОТЫЛЁК] 10:03:09 istanbul-kultur-university: пусто
[МОТЫЛЁК] 10:03:18 istanbul-gelisim-university: пусто
[МОТЫЛЁК] 10:03:27 jcu-singapore: пусто
[МОТЫЛЁК] 10:03:33 hertfordshire: кандидатов 5
[МОТЫЛЁК] 10:03:41 justin-siena: пусто
[МОТЫЛЁК] 10:04:06 humber-polytechnic: кандидатов 5
[МОТЫЛЁК] 10:04:44 lane-college: пусто
[МОТЫЛЁК] 10:04:47 keele: пусто
[МОТЫЛЁК] 10:05:09 long-island-university-brooklyn-direct-entry: пусто
[МОТЫЛЁК] 10:05:20 long-island-university-post-direct-entry: пусто
[МОТЫЛЁК] 10:05:24 john-cabot: кандидатов 3
[МОТЫЛЁК] 10:05:30 kent: кандидатов 5
[МОТЫЛЁК] 10:05:31 master-s-degree-in-dublin-business-school-ireland-the-story-of-our-stu: пусто
[МОТЫЛЁК] 10:05:36 dundee: кандидатов 2
[МОТЫЛЁК] 10:05:38 maximizing-your-educational-pursuits-a-comprehensive-look-at-spring-in: пусто
[МОТЫЛЁК] 10:05:44 nanjing-novo: пусто
[МОТЫЛЁК] 10:05:47 modul-university-vienna: пусто
[МОТЫЛЁК] 10:06:05 new-york-film-academy: пусто
[МОТЫЛЁК] 10:06:13 newcastle-college-au: пусто
[МОТЫЛЁК] 10:06:30 nipissing-university: пусто
[МОТЫЛЁК] 10:06:44 north-broward-prep: пусто
[МОТЫЛЁК] 10:06:52 northtec-tai-tokerau-wananga: пусто
[МОТЫЛЁК] 10:06:55 manchester-met: кандидатов 5
[МОТЫЛЁК] 10:07:13 milton-friedman-university: кандидатов 5
[МОТЫЛЁК] 10:07:22 pascal-cyprus: пусто
[МОТЫЛЁК] 10:07:34 new-england-au: кандидатов 5
[МОТЫЛЁК] 10:08:16 notre-dame-au: пусто
[МОТЫЛЁК] 10:08:54 otago: кандидатов 5
[МОТЫЛЁК] 10:08:58 lincoln-uk: кандидатов 5
[МОТЫЛЁК] 10:09:11 red-bank-catholic: кандидатов 3
[МОТЫЛЁК] 10:09:18 royal-school-surrey: пусто
[МОТЫЛЁК] 10:09:37 plymouth: кандидатов 5
[МОТЫЛЁК] 10:09:44 saint-johns-hs: пусто
[МОТЫЛЁК] 10:09:45 saint-anthonys: пусто
[МОТЫЛЁК] 10:09:51 sp-jain-school-of-global-management-dubai: пусто
[МОТЫЛЁК] 10:09:53 st-matthews-university-school-of-medicine: пусто
[МОТЫЛЁК] 10:10:29 swansea: кандидатов 1
[МОТЫЛЁК] 10:10:30 technological-university-of-dublin-tu-dublin: пусто
[МОТЫЛЁК] 10:10:34 robert-gordon: кандидатов 5
[МОТЫЛЁК] 10:11:07 transport-and-telecommunication-institute: пусто
[МОТЫЛЁК] 10:11:16 uclan-cyprus: пусто
[МОТЫЛЁК] 10:11:50 portsmouth: кандидатов 5
[МОТЫЛЁК] 10:12:17 royal-holloway-direct-entry: кандидатов 5
[МОТЫЛЁК] 10:13:00 universidade-europeia: пусто
[МОТЫЛЁК] 10:13:08 university-of-european-management: пусто
[МОТЫЛЁК] 10:13:17 umass-boston: кандидатов 5
[МОТЫЛЁК] 10:13:32 university-of-regina: пусто
[МОТЫЛЁК] 10:14:02 ulster: кандидатов 5
[МОТЫЛЁК] 10:14:17 the-university-of-queensland: кандидатов 5
[МОТЫЛЁК] 10:14:33 university-of-nebraska-omaha: кандидатов 5
[МОТЫЛЁК] 10:14:39 texas-aandm-corpus-christi-university-direct-entry: пусто
[МОТЫЛЁК] 10:14:53 windermere-prep: пусто
[МОТЫЛЁК] 10:15:33 utah: пусто
[МОТЫЛЁК] 10:15:56 university-of-wisconsin-stout: кандидатов 5
[МОТЫЛЁК] 10:16:04 university-of-warsaw: кандидатов 5
[МОТЫЛЁК] 10:16:10 culinary-arts-academy-switzerland: пусто
[МОТЫЛЁК] 10:16:11 istec-business-school: пусто
[МОТЫЛЁК] 10:16:30 woosong-university: кандидатов 5
[МОТЫЛЁК] 10:16:37 warsaw-university-of-technology: кандидатов 5
[МОТЫЛЁК] 10:16:40 middlesex-university-mauritius: пусто
[МОТЫЛЁК] 10:16:59 xi-an-jiaotong-liverpool-university: кандидатов 5
[МОТЫЛЁК] 10:17:13 new-jersey-institute-of-technology: пусто
[МОТЫЛЁК] 10:17:19 lincoln-bishop-university: кандидатов 1
[МОТЫЛЁК] 10:17:25 university-of-california-irvine-division-of-continuing-educa: пусто
[МОТЫЛЁК] 10:17:31 rensselaer-polytechnic-institute: пусто
[МОТЫЛЁК] 10:17:35 selkirk-college: кандидатов 4
[МОТЫЛЁК] 10:18:16 southern-illinois-university-edwardsville: кандидатов 5
[МОТЫЛЁК] 10:19:08 university-of-northampton: кандидатов 5
[МОТЫЛЁК] 10:19:12 st-josephs-university: кандидатов 5
[МОТЫЛЁК] 10:19:15 academy-of-learning-career-college-scarborough: пусто
[МОТЫЛЁК] 10:19:18 university-of-pecs: кандидатов 5
[МОТЫЛЁК] 10:19:19 australian-performing-arts-conservatory: пусто
[МОТЫЛЁК] 10:19:25 data-protection-information: пусто
[МОТЫЛЁК] 10:19:29 contra-costa-college: пусто
[МОТЫЛЁК] 10:19:32 ece-engineering-school: пусто
[МОТЫЛЁК] 10:19:34 eastern-mediterranean-university: пусто
[МОТЫЛЁК] 10:19:40 esce-international-business-school: пусто
[МОТЫЛЁК] 10:19:41 essca-school-of-management: пусто
[МОТЫЛЁК] 10:19:47 eurasia-institute: пусто
[МОТЫЛЁК] 10:19:48 fairleigh-dickinson-university-vancouver: пусто
[МОТЫЛЁК] 10:19:51 elmhurst-university: пусто
[МОТЫЛЁК] 10:20:12 university-of-salford: кандидатов 5
[МОТЫЛЁК] 10:20:19 helvetic-business-school: пусто
[МОТЫЛЁК] 10:20:37 him-business-school: пусто
[МОТЫЛЁК] 10:20:43 globalu: пусто
[МОТЫЛЁК] 10:20:56 franklin-college: кандидатов 2
[МОТЫЛЁК] 10:21:22 hefei-hfut: кандидатов 5
[МОТЫЛЁК] 10:21:42 karelia-university-of-applied-sciences: пусто
[МОТЫЛЁК] 10:21:56 lazarski-university: пусто
[МОТЫЛЁК] 10:22:01 inti-international-university: кандидатов 1
[МОТЫЛЁК] 10:22:06 istanbul: пусто
[МОТЫЛЁК] 10:22:10 los-medanos-college: пусто
[МОТЫЛЁК] 10:22:29 new-england-college: пусто
[МОТЫЛЁК] 10:22:31 naba-milano: пусто
[МОТЫЛЁК] 10:22:42 rajiv-gandhi-university-school-of-science-and-technology: пусто
[МОТЫЛЁК] 10:23:07 humber-college: кандидатов 5
[МОТЫЛЁК] 10:23:26 university-of-huddersfield: кандидатов 2
[МОТЫЛЁК] 10:24:27 szeged-university: кандидатов 3
[МОТЫЛЁК] 10:24:36 university-of-michigan-flint: пусто
[МОТЫЛЁК] 10:24:45 ohio-university: кандидатов 5
[МОТЫЛЁК] 10:24:50 the-university-of-western-australia: кандидатов 5
[МОТЫЛЁК] 10:24:58 university-college-dublin: кандидатов 5
[МОТЫЛЁК] 10:25:06 admission-consultancy: пусто
[МОТЫЛЁК] 10:25:09 westcliff-university: пусто
[МОТЫЛЁК] 10:25:13 bau-global: пусто
[МОТЫЛЁК] 10:25:41 beykent-university: пусто
[МОТЫЛЁК] 10:25:43 university-of-west-alabama: пусто
[МОТЫЛЁК] 10:25:49 utah-tech-university: кандидатов 2
[МОТЫЛЁК] 10:25:54 epita-school-of-engineering-and-computer-science: пусто
[МОТЫЛЁК] 10:25:55 exam-prep: пусто
[МОТЫЛЁК] 10:26:01 gre-gmat-exams: пусто
[МОТЫЛЁК] 10:26:24 istanbul-altinbas-university: пусто
[МОТЫЛЁК] 10:26:30 university-of-edinburgh: кандидатов 5
[МОТЫЛЁК] 10:26:36 istanbul-aydin-university: пусто
[МОТЫЛЁК] 10:26:45 istinye-university: пусто
[МОТЫЛЁК] 10:26:47 istanbul-isik-university: пусто
[МОТЫЛЁК] 10:27:14 cyprus-international-university: кандидатов 5
[МОТЫЛЁК] 10:27:45 fontys-university: кандидатов 5
[МОТЫЛЁК] 10:28:07 izmir-economics-university: пусто
[МОТЫЛЁК] 10:28:14 lappeenranta-university-of-technology-lut: пусто
[МОТЫЛЁК] 10:28:22 london-twin: пусто
[МОТЫЛЁК] 10:28:30 make-a-comment: пусто
[МОТЫЛЁК] 10:29:03 jagiellonian-university: кандидатов 5
[МОТЫЛЁК] 10:29:17 kaunas-university-of-technology: кандидатов 5
[МОТЫЛЁК] 10:29:22 mcdaniel-college-budapest: пусто
[МОТЫЛЁК] 10:29:24 medical-degrees-in-europe: пусто
[МОТЫЛЁК] 10:29:25 langara-college: кандидатов 4
[МОТЫЛЁК] 10:29:32 mphii-master-of-philosophy: пусто
[МОТЫЛЁК] 10:29:39 montpellier-business-school: пусто
[МОТЫЛЁК] 10:29:40 open-consent-form: пусто
[МОТЫЛЁК] 10:29:52 medipol-university: пусто
[МОТЫЛЁК] 10:29:55 partner-request-thank-you: пусто
[МОТЫЛЁК] 10:30:04 partner-with-us: пусто
[МОТЫЛЁК] 10:30:06 ozyegin-university: пусто
[МОТЫЛЁК] 10:30:15 pte-scores-for-canada: пусто
[МОТЫЛЁК] 10:30:16 sat-exams: пусто
[МОТЫЛЁК] 10:30:22 scholarships: пусто
[МОТЫЛЁК] 10:30:30 services: пусто
[МОТЫЛЁК] 10:30:53 ku-leuven: кандидатов 5
[МОТЫЛЁК] 10:31:15 srh-university: пусто
[МОТЫЛЁК] 10:31:37 masaryk-university-czech: кандидатов 5
[МОТЫЛЁК] 10:31:51 ted-university: пусто
[МОТЫЛЁК] 10:31:53 southern-denmark-university: кандидатов 5
[МОТЫЛЁК] 10:31:58 toefl-exam: пусто
[МОТЫЛЁК] 10:32:00 toefl-vs-ielts: пусто
[МОТЫЛЁК] 10:32:06 types-of-mba: пусто
[МОТЫЛЁК] 10:32:07 ucat-exam: пусто
[МОТЫЛЁК] 10:32:24 universitat-politecnica-de-valencia-upv: пусто
[МОТЫЛЁК] 10:32:28 prague-university-of-economics: кандидатов 2
[МОТЫЛЁК] 10:32:30 universidad-europea-de-madrid: пусто
[МОТЫЛЁК] 10:32:46 swps-university: пусто
[МОТЫЛЁК] 10:32:58 visa-application: пусто
[МОТЫЛЁК] 10:33:05 advanced-placement-ap-exams: пусто
[МОТЫЛЁК] 10:33:20 berk-alyeni: пусто
[МОТЫЛЁК] 10:33:27 canadian-universities-to-elevate-your-career: пусто
[МОТЫЛЁК] 10:34:07 university-of-canada-west: пусто
[МОТЫЛЁК] 10:34:49 university-of-new-york-in-prague: кандидатов 5
[МОТЫЛЁК] 10:34:55 semmelweis-university: кандидатов 5
[МОТЫЛЁК] 10:34:56 eastbourne-twin: пусто
[МОТЫЛЁК] 10:35:05 gedu-global-education: пусто
[МОТЫЛЁК] 10:35:11 final-international-university: пусто
[МОТЫЛЁК] 10:35:18 northland-institute: пусто
[МОТЫЛЁК] 10:35:19 luiss: пусто
[МОТЫЛЁК] 10:35:26 rome-university-of-fine-arts: пусто
[МОТЫЛЁК] 10:35:38 seoul-gec: пусто
[МОТЫЛЁК] 10:35:42 czech-university-of-life-sciences: кандидатов 5
[МОТЫЛЁК] 10:35:46 singapore-vwa: пусто
[МОТЫЛЁК] 10:36:03 university-of-ghent: кандидатов 5
[МОТЫЛЁК] 10:36:04 czech-technical-university: кандидатов 5
[МОТЫЛЁК] 10:36:10 xian-eurasia: пусто
[МОТЫЛЁК] 10:36:11 zhuhai-bnbu: пусто
[МОТЫЛЁК] 10:36:25 mla-college: пусто
[МОТЫЛЁК] 10:36:37 santa-monica-college: кандидатов 5
[МОТЫЛЁК] 10:36:44 the-campus-bio-medico-university-of-rome-ucbm: кандидатов 5
[МОТЫЛЁК] 10:36:53 university-of-helsinki: кандидатов 5
[МОТЫЛЁК] 10:36:53 Wikimedia: запросов 5647, торможений 0, ждали 0с, неудачных ответов 0
[МОТЫЛЁК] 10:36:53 готово. кандидатов 1225 у 285 вузов из 807. {"withCandidates":285,"noOfficialSite":0,"nothingFound":519,"rejected":2011,"throttledUnis":0}
