[МОТЫЛЁК] 06:20:31 вузов к обходу: 30
[МОТЫЛЁК] 06:21:09 pace: кандидатов 5
[МОТЫЛЁК] 06:21:09 cranfield: пусто
[МОТЫЛЁК] 06:21:17 brighton: пусто
[МОТЫЛЁК] 06:21:20 arizona-state: пусто
[МОТЫЛЁК] 06:21:30 nottingham: пусто
[МОТЫЛЁК] 06:21:34 essex: кандидатов 5
[МОТЫЛЁК] 06:21:43 simmons: пусто
[МОТЫЛЁК] 06:21:51 bristol: кандидатов 1
[МОТЫЛЁК] 06:22:03 glasgow: кандидатов 2
[МОТЫЛЁК] 06:22:07 conestoga-college: пусто
[МОТЫЛЁК] 06:22:19 oregon: пусто
[МОТЫЛЁК] 06:22:21 murdoch: пусто
[МОТЫЛЁК] 06:22:23 adelaide: кандидатов 1
[МОТЫЛЁК] 06:22:28 palm-beach-atlantic: кандидатов 5
[МОТЫЛЁК] 06:22:43 fresenius-university-of-applied-sciences: кандидатов 5
[МОТЫЛЁК] 06:22:48 australia-institute-of-business-and-technology: пусто
[МОТЫЛЁК] 06:22:48 new-zealand-management-academies-nzma: пусто
[МОТЫЛЁК] 06:22:50 into-partnerships: пусто
[МОТЫЛЁК] 06:22:54 navitas: пусто
[МОТЫЛЁК] 06:22:56 acadia: кандидатов 1
[МОТЫЛЁК] 06:22:57 kaplan-anz: пусто
[МОТЫЛЁК] 06:23:07 study-group: пусто
[МОТЫЛЁК] 06:23:07 wyoming: пусто
[МОТЫЛЁК] 06:23:09 sask-polytechnic: пусто
[МОТЫЛЁК] 06:23:14 the-university-of-law: пусто
[МОТЫЛЁК] 06:23:18 kaplan-business-school: пусто
[МОТЫЛЁК] 06:23:37 westminster: кандидатов 1
[МОТЫЛЁК] 06:23:44 university-of-law: пусто
[МОТЫЛЁК] 06:23:48 adelphi: кандидатов 5
[МОТЫЛЁК] 06:23:49 oxford-international-college: пусто
[МОТЫЛЁК] 06:23:49 Wikimedia: запросов 111, торможений 0, ждали 0с, неудачных ответов 0
[МОТЫЛЁК] 06:23:49 готово. кандидатов 31 у 10 вузов из 30. {"withCandidates":10,"noOfficialSite":6,"nothingFound":20,"rejected":208,"throttledUnis":0}
