[МОТЫЛЁК] 07:29:47 вузов к обходу: 30
[МОТЫЛЁК] 07:30:56 pace: кандидатов 5
[МОТЫЛЁК] 07:31:13 nottingham: кандидатов 5
[МОТЫЛЁК] 07:31:30 arizona-state: кандидатов 5
[МОТЫЛЁК] 07:31:52 cranfield: кандидатов 5
[МОТЫЛЁК] 07:32:12 essex: кандидатов 5
[МОТЫЛЁК] 07:32:18 brighton: кандидатов 4
[МОТЫЛЁК] 07:32:22 simmons: пусто
[МОТЫЛЁК] 07:32:28 glasgow: пусто
[МОТЫЛЁК] 07:33:20 conestoga-college: кандидатов 1
[МОТЫЛЁК] 07:33:43 oregon: кандидатов 5
[МОТЫЛЁК] 07:34:07 bristol: кандидатов 5
[МОТЫЛЁК] 07:34:19 palm-beach-atlantic: кандидатов 2
[МОТЫЛЁК] 07:34:21 murdoch: кандидатов 5
[МОТЫЛЁК] 07:34:26 australia-institute-of-business-and-technology: пусто
[МОТЫЛЁК] 07:34:34 new-zealand-management-academies-nzma: пусто
[МОТЫЛЁК] 07:34:48 adelaide: кандидатов 5
[МОТЫЛЁК] 07:34:50 sask-polytechnic: пусто
[МОТЫЛЁК] 07:34:58 into-partnerships: пусто
[МОТЫЛЁК] 07:35:11 navitas: пусто
[МОТЫЛЁК] 07:35:19 kaplan-anz: пусто
[МОТЫЛЁК] 07:35:28 acadia: кандидатов 5
[МОТЫЛЁК] 07:35:45 fresenius-university-of-applied-sciences: кандидатов 4
[МОТЫЛЁК] 07:35:57 study-group: пусто
[МОТЫЛЁК] 07:35:59 kaplan-business-school: пусто
[МОТЫЛЁК] 07:36:07 the-university-of-law: пусто
[МОТЫЛЁК] 07:36:14 wyoming: кандидатов 5
[МОТЫЛЁК] 07:36:36 oxford-international-college: пусто
[МОТЫЛЁК] 07:36:44 university-of-law: пусто
[МОТЫЛЁК] 07:37:06 adelphi: кандидатов 5
[МОТЫЛЁК] 07:37:30 westminster: кандидатов 5
[МОТЫЛЁК] 07:37:30 Wikimedia: запросов 282, торможений 0, ждали 0с, неудачных ответов 0
[МОТЫЛЁК] 07:37:30 готово. кандидатов 76 у 17 вузов из 30. {"withCandidates":17,"noOfficialSite":0,"nothingFound":13,"rejected":95,"throttledUnis":0}
