[МОТЫЛЁК] 07:24:17 вузов к обходу: 30
[МОТЫЛЁК] 07:24:40 brighton: пусто
[МОТЫЛЁК] 07:24:44 pace: пусто
[МОТЫЛЁК] 07:24:47 cranfield: пусто
[МОТЫЛЁК] 07:24:49 nottingham: пусто
[МОТЫЛЁК] 07:24:51 arizona-state: пусто
[МОТЫЛЁК] 07:25:16 essex: кандидатов 1
[МОТЫЛЁК] 07:25:17 bristol: пусто
[МОТЫЛЁК] 07:25:18 simmons: пусто
[МОТЫЛЁК] 07:25:25 adelaide: пусто
[МОТЫЛЁК] 07:25:44 glasgow: пусто
[МОТЫЛЁК] 07:25:44 conestoga-college: кандидатов 1
[МОТЫЛЁК] 07:25:51 oregon: пусто
[МОТЫЛЁК] 07:25:51 murdoch: пусто
[МОТЫЛЁК] 07:25:53 palm-beach-atlantic: пусто
[МОТЫЛЁК] 07:25:56 australia-institute-of-business-and-technology: пусто
[МОТЫЛЁК] 07:26:00 new-zealand-management-academies-nzma: пусто
[МОТЫЛЁК] 07:26:12 sask-polytechnic: пусто
[МОТЫЛЁК] 07:26:17 wyoming: кандидатов 1
[МОТЫЛЁК] 07:26:18 into-partnerships: пусто
[МОТЫЛЁК] 07:26:20 acadia: пусто
[МОТЫЛЁК] 07:26:21 fresenius-university-of-applied-sciences: пусто
[МОТЫЛЁК] 07:26:21 navitas: пусто
[МОТЫЛЁК] 07:26:24 kaplan-anz: пусто
[МОТЫЛЁК] 07:26:34 kaplan-business-school: пусто
[МОТЫЛЁК] 07:26:42 the-university-of-law: пусто
[МОТЫЛЁК] 07:26:53 study-group: пусто
[МОТЫЛЁК] 07:27:02 westminster: кандидатов 1
[МОТЫЛЁК] 07:27:04 oxford-international-college: пусто
[МОТЫЛЁК] 07:27:05 adelphi: пусто
[МОТЫЛЁК] 07:27:11 university-of-law: пусто
[МОТЫЛЁК] 07:27:11 Wikimedia: запросов 111, торможений 0, ждали 0с, неудачных ответов 0
[МОТЫЛЁК] 07:27:11 готово. кандидатов 4 у 4 вузов из 30. {"withCandidates":4,"noOfficialSite":0,"nothingFound":26,"rejected":10,"throttledUnis":0}
